  Wiederherzustellende Projekte werden ermittelt...
  Alle Projekte sind f├╝r die Wiederherstellung auf dem neuesten Stand.
C:\Users\tobias.knoepfli\.gemini\antigravity\scratch\Sleipnir\Views\ActionDialog.xaml.cs(17,100): warning CS8625: Ein NULL-Literal kann nicht in einen Non-Nullable-Verweistyp konvertiert werden. [C:\Users\tobias.knoepfli\.gemini\antigravity\scratch\Sleipnir\Sleipnir.App_ceirr3p5_wpftmp.csproj]
C:\Users\tobias.knoepfli\.gemini\antigravity\scratch\Sleipnir\Views\ActionDialog.xaml.cs(17,124): warning CS8625: Ein NULL-Literal kann nicht in einen Non-Nullable-Verweistyp konvertiert werden. [C:\Users\tobias.knoepfli\.gemini\antigravity\scratch\Sleipnir\Sleipnir.App_ceirr3p5_wpftmp.csproj]
C:\Users\tobias.knoepfli\.gemini\antigravity\scratch\Sleipnir\Views\ActionDialog.xaml.cs(51,118): warning CS8625: Ein NULL-Literal kann nicht in einen Non-Nullable-Verweistyp konvertiert werden. [C:\Users\tobias.knoepfli\.gemini\antigravity\scratch\Sleipnir\Sleipnir.App_ceirr3p5_wpftmp.csproj]
C:\Users\tobias.knoepfli\.gemini\antigravity\scratch\Sleipnir\Views\ActionDialog.xaml.cs(51,142): warning CS8625: Ein NULL-Literal kann nicht in einen Non-Nullable-Verweistyp konvertiert werden. [C:\Users\tobias.knoepfli\.gemini\antigravity\scratch\Sleipnir\Sleipnir.App_ceirr3p5_wpftmp.csproj]
C:\Users\tobias.knoepfli\.gemini\antigravity\scratch\Sleipnir\Views\ActionDialog.xaml.cs(48,41): warning CS8600: Das NULL-Literal oder ein m├╢glicher NULL-Wert wird in einen Non-Nullable-Typ konvertiert. [C:\Users\tobias.knoepfli\.gemini\antigravity\scratch\Sleipnir\Sleipnir.App_ceirr3p5_wpftmp.csproj]
C:\Users\tobias.knoepfli\.gemini\antigravity\scratch\Sleipnir\Views\IssueDetailWindow.xaml.cs(234,20): warning CS8603: M├╢gliche Nullverweisr├╝ckgabe. [C:\Users\tobias.knoepfli\.gemini\antigravity\scratch\Sleipnir\Sleipnir.App_ceirr3p5_wpftmp.csproj]
C:\Users\tobias.knoepfli\.gemini\antigravity\scratch\Sleipnir\Views\MainWindow.xaml.cs(68,76): error CS0246: Der Typ- oder Namespacename "Issue" wurde nicht gefunden (m├╢glicherweise fehlt eine using-Direktive oder ein Assemblyverweis). [C:\Users\tobias.knoepfli\.gemini\antigravity\scratch\Sleipnir\Sleipnir.App_ceirr3p5_wpftmp.csproj]
C:\Users\tobias.knoepfli\.gemini\antigravity\scratch\Sleipnir\Views\MainWindow.xaml.cs(78,39): error CS0246: Der Typ- oder Namespacename "Issue" wurde nicht gefunden (m├╢glicherweise fehlt eine using-Direktive oder ein Assemblyverweis). [C:\Users\tobias.knoepfli\.gemini\antigravity\scratch\Sleipnir\Sleipnir.App_ceirr3p5_wpftmp.csproj]
C:\Users\tobias.knoepfli\.gemini\antigravity\scratch\Sleipnir\Views\MainWindow.xaml.cs(78,50): error CS0246: Der Typ- oder Namespacename "Issue" wurde nicht gefunden (m├╢glicherweise fehlt eine using-Direktive oder ein Assemblyverweis). [C:\Users\tobias.knoepfli\.gemini\antigravity\scratch\Sleipnir\Sleipnir.App_ceirr3p5_wpftmp.csproj]
C:\Users\tobias.knoepfli\.gemini\antigravity\scratch\Sleipnir\Views\MainWindow.xaml.cs(83,48): warning CS8600: Das NULL-Literal oder ein m├╢glicher NULL-Wert wird in einen Non-Nullable-Typ konvertiert. [C:\Users\tobias.knoepfli\.gemini\antigravity\scratch\Sleipnir\Sleipnir.App_ceirr3p5_wpftmp.csproj]
C:\Users\tobias.knoepfli\.gemini\antigravity\scratch\Sleipnir\Views\MainWindow.xaml.cs(103,52): error CS0246: Der Typ- oder Namespacename "Popup" wurde nicht gefunden (m├╢glicherweise fehlt eine using-Direktive oder ein Assemblyverweis). [C:\Users\tobias.knoepfli\.gemini\antigravity\scratch\Sleipnir\Sleipnir.App_ceirr3p5_wpftmp.csproj]
C:\Users\tobias.knoepfli\.gemini\antigravity\scratch\Sleipnir\Views\MainWindow.xaml.cs(106,28): error CS0246: Der Typ- oder Namespacename "Popup" wurde nicht gefunden (m├╢glicherweise fehlt eine using-Direktive oder ein Assemblyverweis). [C:\Users\tobias.knoepfli\.gemini\antigravity\scratch\Sleipnir\Sleipnir.App_ceirr3p5_wpftmp.csproj]

Fehler beim Buildvorgang.

C:\Users\tobias.knoepfli\.gemini\antigravity\scratch\Sleipnir\Views\ActionDialog.xaml.cs(17,100): warning CS8625: Ein NULL-Literal kann nicht in einen Non-Nullable-Verweistyp konvertiert werden. [C:\Users\tobias.knoepfli\.gemini\antigravity\scratch\Sleipnir\Sleipnir.App_ceirr3p5_wpftmp.csproj]
C:\Users\tobias.knoepfli\.gemini\antigravity\scratch\Sleipnir\Views\ActionDialog.xaml.cs(17,124): warning CS8625: Ein NULL-Literal kann nicht in einen Non-Nullable-Verweistyp konvertiert werden. [C:\Users\tobias.knoepfli\.gemini\antigravity\scratch\Sleipnir\Sleipnir.App_ceirr3p5_wpftmp.csproj]
C:\Users\tobias.knoepfli\.gemini\antigravity\scratch\Sleipnir\Views\ActionDialog.xaml.cs(51,118): warning CS8625: Ein NULL-Literal kann nicht in einen Non-Nullable-Verweistyp konvertiert werden. [C:\Users\tobias.knoepfli\.gemini\antigravity\scratch\Sleipnir\Sleipnir.App_ceirr3p5_wpftmp.csproj]
C:\Users\tobias.knoepfli\.gemini\antigravity\scratch\Sleipnir\Views\ActionDialog.xaml.cs(51,142): warning CS8625: Ein NULL-Literal kann nicht in einen Non-Nullable-Verweistyp konvertiert werden. [C:\Users\tobias.knoepfli\.gemini\antigravity\scratch\Sleipnir\Sleipnir.App_ceirr3p5_wpftmp.csproj]
C:\Users\tobias.knoepfli\.gemini\antigravity\scratch\Sleipnir\Views\ActionDialog.xaml.cs(48,41): warning CS8600: Das NULL-Literal oder ein m├╢glicher NULL-Wert wird in einen Non-Nullable-Typ konvertiert. [C:\Users\tobias.knoepfli\.gemini\antigravity\scratch\Sleipnir\Sleipnir.App_ceirr3p5_wpftmp.csproj]
C:\Users\tobias.knoepfli\.gemini\antigravity\scratch\Sleipnir\Views\IssueDetailWindow.xaml.cs(234,20): warning CS8603: M├╢gliche Nullverweisr├╝ckgabe. [C:\Users\tobias.knoepfli\.gemini\antigravity\scratch\Sleipnir\Sleipnir.App_ceirr3p5_wpftmp.csproj]
C:\Users\tobias.knoepfli\.gemini\antigravity\scratch\Sleipnir\Views\MainWindow.xaml.cs(83,48): warning CS8600: Das NULL-Literal oder ein m├╢glicher NULL-Wert wird in einen Non-Nullable-Typ konvertiert. [C:\Users\tobias.knoepfli\.gemini\antigravity\scratch\Sleipnir\Sleipnir.App_ceirr3p5_wpftmp.csproj]
C:\Users\tobias.knoepfli\.gemini\antigravity\scratch\Sleipnir\Views\MainWindow.xaml.cs(68,76): error CS0246: Der Typ- oder Namespacename "Issue" wurde nicht gefunden (m├╢glicherweise fehlt eine using-Direktive oder ein Assemblyverweis). [C:\Users\tobias.knoepfli\.gemini\antigravity\scratch\Sleipnir\Sleipnir.App_ceirr3p5_wpftmp.csproj]
C:\Users\tobias.knoepfli\.gemini\antigravity\scratch\Sleipnir\Views\MainWindow.xaml.cs(78,39): error CS0246: Der Typ- oder Namespacename "Issue" wurde nicht gefunden (m├╢glicherweise fehlt eine using-Direktive oder ein Assemblyverweis). [C:\Users\tobias.knoepfli\.gemini\antigravity\scratch\Sleipnir\Sleipnir.App_ceirr3p5_wpftmp.csproj]
C:\Users\tobias.knoepfli\.gemini\antigravity\scratch\Sleipnir\Views\MainWindow.xaml.cs(78,50): error CS0246: Der Typ- oder Namespacename "Issue" wurde nicht gefunden (m├╢glicherweise fehlt eine using-Direktive oder ein Assemblyverweis). [C:\Users\tobias.knoepfli\.gemini\antigravity\scratch\Sleipnir\Sleipnir.App_ceirr3p5_wpftmp.csproj]
C:\Users\tobias.knoepfli\.gemini\antigravity\scratch\Sleipnir\Views\MainWindow.xaml.cs(103,52): error CS0246: Der Typ- oder Namespacename "Popup" wurde nicht gefunden (m├╢glicherweise fehlt eine using-Direktive oder ein Assemblyverweis). [C:\Users\tobias.knoepfli\.gemini\antigravity\scratch\Sleipnir\Sleipnir.App_ceirr3p5_wpftmp.csproj]
C:\Users\tobias.knoepfli\.gemini\antigravity\scratch\Sleipnir\Views\MainWindow.xaml.cs(106,28): error CS0246: Der Typ- oder Namespacename "Popup" wurde nicht gefunden (m├╢glicherweise fehlt eine using-Direktive oder ein Assemblyverweis). [C:\Users\tobias.knoepfli\.gemini\antigravity\scratch\Sleipnir\Sleipnir.App_ceirr3p5_wpftmp.csproj]
    7 Warnung(en)
    5 Fehler

Verstrichene Zeit 00:00:02.06
